// Jest Snapshot v1, https://goo.gl/fbAQLP

exports[`AlbumList renders correctly 1`] = `
<FlatList
  contentContainerStyle={
    Object {
      "paddingBottom": 25,
      "paddingTop": 89,
    }
  }
  data={Object {}}
  disableVirtualization={false}
  horizontal={false}
  initialNumToRender={10}
  keyExtractor={[Function]}
  maxToRenderPerBatch={10}
  numColumns={1}
  onEndReachedThreshold={2}
  removeClippedSubviews={false}
  renderItem={[Function]}
  scrollEventThrottle={50}
  scrollIndicatorInsets={
    Object {
      "bottom": 25,
      "top": 89,
    }
  }
  updateCellsBatchingPeriod={50}
  windowSize={21}
/>
`;
